=== Installing C8 overlay from /tmp/tmp.rdNXqt8BxK/repo-read/patches/files to /tmp/tmp.rdNXqt8BxK/wrt-read/package/base-files/files ===
=== VERIFIED: C8 SMS forwarding RPC facade semantics ===
=== VERIFIED: narrow C8 SMS forwarding ACL and preserved SMS permissions ===
=== VERIFIED: C8 SMS forwarding reload and trigger contract ===
=== VERIFIED: C8 SMS forwarding menu ===
=== VERIFIED: C8 modem status menu target ===
=== VERIFIED: C8 base station scan menu ===
=== VERIFIED: C8 base station scan status RPC permission ===
=== VERIFIED: C8 base station scan start RPC permission ===
=== VERIFIED: C8 base station scan stop RPC permission ===
=== VERIFIED: C8 modem apply RPC permission ===
=== VERIFIED ABSENT: broad sendat RPC permission ===
=== VERIFIED ABSENT: broad cellscan RPC permission ===
=== VERIFIED ABSENT: unused iwinfo RPC permission ===
=== VERIFIED ABSENT: direct modem init RPC permission ===
=== VERIFIED: external SIM default ===
=== VERIFIED: cellular modem enabled by default ===
=== VERIFIED: SMS read port default ===
=== VERIFIED: SMS send port default ===
=== VERIFIED: SMS forwarding channel config ===
=== VERIFIED: primary SMS forwarding channel ===
=== VERIFIED: backup SMS forwarding channel ===
=== VERIFIED: SMS tool timeout default ===
=== VERIFIED: cellular WAN on eth1 ===
=== VERIFIED: cellular IPv6 DHCPv6 ===
=== VERIFIED: IPv6 relay for cellular /64 ===
=== VERIFIED: packet steering default ===
=== VERIFIED: hardware flow offloading default ===
=== VERIFIED: stable 2.4G WiFi MAC default ===
=== VERIFIED: stable 5G WiFi MAC default ===
=== VERIFIED: SMS primary/backup channel UI ===
=== VERIFIED: SMS timeout UI ===
=== VERIFIED: SMS read UI timeout guard ===
=== VERIFIED: SMS backend timeout guard ===
=== VERIFIED ABSENT: WeChatPush fallback in SMS backend ===
=== VERIFIED: RM520N QMAP IPv4 parser ===
=== VERIFIED: RM520N eth1/IPPT MAC guard ===
=== VERIFIED: RM520N eth1 DHCP readiness check ===
=== VERIFIED: RM520N preserves WAN for diagnostics ===
=== Fixing executable permissions for C8 overlay files ===
=== +x /tmp/tmp.rdNXqt8BxK/wrt-read/package/base-files/files/sbin/set_sms_ports.sh ===
=== +x /tmp/tmp.rdNXqt8BxK/wrt-read/package/base-files/files/bin/sendat ===
=== +x /tmp/tmp.rdNXqt8BxK/wrt-read/package/base-files/files/etc/init.d/c8-sms-forward ===
=== +x /tmp/tmp.rdNXqt8BxK/wrt-read/package/base-files/files/etc/init.d/modeminit ===
=== +x /tmp/tmp.rdNXqt8BxK/wrt-read/package/base-files/files/etc/uci-defaults/99-v12-defaults.sh ===
=== +x /tmp/tmp.rdNXqt8BxK/wrt-read/package/base-files/files/usr/bin/rsrp2rssi ===
=== +x /tmp/tmp.rdNXqt8BxK/wrt-read/package/base-files/files/usr/bin/cellscan.sh ===
=== +x /tmp/tmp.rdNXqt8BxK/wrt-read/package/base-files/files/usr/bin/c8-sms-forward ===
=== +x /tmp/tmp.rdNXqt8BxK/wrt-read/package/base-files/files/usr/share/modem/mopdu ===
=== +x /tmp/tmp.rdNXqt8BxK/wrt-read/package/base-files/files/usr/share/modem/luci-reinit.sh ===
=== +x /tmp/tmp.rdNXqt8BxK/wrt-read/package/base-files/files/usr/share/modem/zinfo.sh ===
=== +x /tmp/tmp.rdNXqt8BxK/wrt-read/package/base-files/files/usr/share/modem/netmodeled.sh ===
=== +x /tmp/tmp.rdNXqt8BxK/wrt-read/package/base-files/files/usr/share/modem/autofreqlock.sh ===
=== +x /tmp/tmp.rdNXqt8BxK/wrt-read/package/base-files/files/usr/share/modem/ipcheck.sh ===
=== +x /tmp/tmp.rdNXqt8BxK/wrt-read/package/base-files/files/usr/share/modem/rm520n.sh ===
=== +x /tmp/tmp.rdNXqt8BxK/wrt-read/package/base-files/files/usr/share/modem/delatcmd.sh ===
=== +x /tmp/tmp.rdNXqt8BxK/wrt-read/package/base-files/files/usr/share/modem/moimei ===
=== +x /tmp/tmp.rdNXqt8BxK/wrt-read/package/base-files/files/usr/share/modem/atcmd.sh ===
=== +x /tmp/tmp.rdNXqt8BxK/wrt-read/package/base-files/files/usr/share/modem/enableipv6.sh ===
=== C8 overlay installed and verified ===
